ckashina@INLEN8520051008 MINGW64 ~/test/Assignments (master)
$ git branch js-assignments

ckashina@INLEN8520051008 MINGW64 ~/test/Assignments (master)
$ git checkout js-assignments
Switched to branch 'js-assignments'

ckashina@INLEN8520051008 MINGW64 ~/test/Assignments (js-assignments)
$ git add hello.js

ckashina@INLEN8520051008 MINGW64 ~/test/Assignments (js-assignments)
$ git commit -m "added hello.js file"
[js-assignments d8891b6] added hello.js file
 1 file changed, 2 insertions(+)
 create mode 100644 hello.js

ckashina@INLEN8520051008 MINGW64 ~/test/Assignments (js-assignments)
$ touch README.txt

ckashina@INLEN8520051008 MINGW64 ~/test/Assignments (js-assignments)
$ vi README.txt

ckashina@INLEN8520051008 MINGW64 ~/test/Assignments (js-assignments)
$ git add README.txt

ckashina@INLEN8520051008 MINGW64 ~/test/Assignments (js-assignments)
$ git commit -m "added js line."
[js-assignments 9ce7c4c] added js line.
 1 file changed, 2 insertions(+)

ckashina@INLEN8520051008 MINGW64 ~/test/Assignments (js-assignments)
$ git checkout master
Switched to branch 'master'

ckashina@INLEN8520051008 MINGW64 ~/test/Assignments (master)
$ vi README.txt

ckashina@INLEN8520051008 MINGW64 ~/test/Assignments (master)
$ git add README.txt

ckashina@INLEN8520051008 MINGW64 ~/test/Assignments (master)
$ git commit -m "added 1st line of README.txt file."
[master fe0d2cc] added 1st line of README.txt file.
 1 file changed, 2 insertions(+)

ckashina@INLEN8520051008 MINGW64 ~/test/Assignments (master)
$ git checkout js-assignments
Switched to branch 'js-assignments'

ckashina@INLEN8520051008 MINGW64 ~/test/Assignments (js-assignments)
$ git status
On branch js-assignments
Untracked files:
  (use "git add <file>..." to include in what will be committed)
        message.js

nothing added to commit but untracked files present (use "git add" to track)

ckashina@INLEN8520051008 MINGW64 ~/test/Assignments (js-assignments)
$ git add .

ckashina@INLEN8520051008 MINGW64 ~/test/Assignments (js-assignments)
$ git commit -m "added and updated all js files."
[js-assignments f912617] added and updated all js files.
 1 file changed, 1 insertion(+)
 create mode 100644 message.js

ckashina@INLEN8520051008 MINGW64 ~/test/Assignments (js-assignments)
$ git checkout master
Switched to branch 'master'

ckashina@INLEN8520051008 MINGW64 ~/test/Assignments (master)
$ git merge master js-assignments
Auto-merging README.txt
CONFLICT (content): Merge conflict in README.txt
Automatic merge failed; fix conflicts and then commit the result.

ckashina@INLEN8520051008 MINGW64 ~/test/Assignments (master|MERGING)
$ git add .

ckashina@INLEN8520051008 MINGW64 ~/test/Assignments (master|MERGING)
$ git commit -m "fixed conflicts"
[master e2463c8] fixed conflicts

ckashina@INLEN8520051008 MINGW64 ~/test/Assignments (master)
$ git merge master js-assignments
Already up to date.
ckashina@INLEN8520051008 MINGW64 ~/test/Assignments (master)
$ git branch --merged
  css-assignments
  js-assignments
* master
